=== Corrida final del laboratorio DNSSEC ===
Fri Sep 11 09:13:58 PM UTC 2026

--- 1. Levantando/asegurando todos los contenedores ---
 Container expired  Running
 Container signed  Running
 Container root  Running
 Container recursive1  Running
 Container badalg  Running
 Container zeta  Running
 Container epsilon  Running
 Container unsigned  Running
 Container beta  Running
 Container nods  Running
 Container recursive2  Running
 Container test  Running
 Container alpha  Running
 Container gamma  Running
 Container delta  Running

--- 2. Estado de los 15 contenedores ---
NAME         STATUS
alpha        Up 2 hours
badalg       Up 22 minutes
beta         Up About an hour
delta        Up 22 minutes
epsilon      Up 2 minutes
expired      Up 22 minutes
gamma        Up 2 hours
nods         Up 22 minutes
recursive1   Up 2 hours
recursive2   Up 20 minutes
root         Up 22 minutes
signed       Up 22 minutes
test         Up 22 minutes
unsigned     Up 2 minutes
zeta         Up 2 minutes

--- 3. Limpiando cache de recursive2 ---
rndc: neither /etc/bind/rndc.conf nor /etc/bind/rndc.key was found

--- 4. Control rapido: valida vs no valida ---
www.beta.signed. -> status: NOERROR flags: qr rd ra ad flags: do 
www.delta.signed. -> status: NOERROR flags: qr rd ra ad flags: do 
www.expired.test. -> status: SERVFAIL flags: qr rd ra flags: do 
www.nods.test. -> status: NOERROR flags: qr rd ra flags: do 
www.badalg.test. -> status: SERVFAIL flags: qr rd ra flags: do 

--- 5. Herramienta de verificacion + CSV ---
dominio          dnssec_activo  valida  motivo_fallo                                            nsec   algoritmo  keysize_bits_aprox  rrset_firmadas  ds_en_padre  observaciones                                 
unsigned.        no             n/a     DNSSEC no activo en la zona                             na     na         na                  no              no           ninguna                                       
alpha.unsigned.  no             n/a     DNSSEC no activo en la zona                             na     na         na                  no              no           ninguna                                       
signed.          si             si                                                              NSEC   13         528                 si              si           ninguna                                       
beta.signed.     si             si                                                              NSEC   13         528                 si              si           ninguna                                       
gamma.signed.    no             n/a     DNSSEC no activo en la zona                             na     na         na                  no              no           ninguna                                       
delta.signed.    si             si                                                              NSEC3  8          2088                si              si           ninguna                                       
test.            si             si                                                              NSEC   13         528                 si              si           ninguna                                       
expired.test.    si             no      RRSIG fuera de vigencia (expirada)                      NSEC   13         528                 si              si           RRSIG fuera de vigencia (expirada)            
nods.test.       si             n/a     Zona insecure (sin DS en el padre)                      NSEC   13         528                 si              no           Sin DS en zona padre -> cadena rota (insecure)
badalg.test.     si             no      DS no coincide con DNSKEY (algoritmo/hash desalineado)  NSEC   13         528                 si              si           ninguna                                       

CSV -> verificacion_dnssec.csv

--- 6. Zone walking: NSEC en beta.signed ---
Iniciando zone walking en beta.signed. via 172.30.0.50
beta.signed.  ->  siguiente: ns.beta.signed.
ns.beta.signed.  ->  siguiente: www.beta.signed.
www.beta.signed.  ->  siguiente: beta.signed.
Cadena cerrada, ciclo completo.

--- 7. Contraste: NSEC3 en delta.signed (solo hashes) ---
1 0 0 C6E7F286
24MMSTM235Q6U601CMHGOFTF49GQUISA.delta.signed. 86400 IN	NSEC3 1 0 0 C6E7F286 5CQBBJHH5SJRB7M6JQJKH208ROO4IFON NS SOA RRSIG DNSKEY NSEC3PARAM

--- 8. Arbol final del laboratorio ---
.
├── alpha
│   ├── zones
│   │   └── db.alpha.unsigned
│   └── named.conf
├── badalg
│   ├── zones
│   │   ├── db.badalg
│   │   ├── db.badalg.signed
│   │   ├── dsset-badalg.test.
│   │   ├── Kbadalg.test.+013+19139.key
│   │   ├── Kbadalg.test.+013+19139.private
│   │   ├── Kbadalg.test.+013+49701.key
│   │   └── Kbadalg.test.+013+49701.private
│   └── named.conf
├── beta
│   ├── zones
│   │   ├── db.beta
│   │   ├── db.beta.signed
│   │   ├── dsset-beta.signed.
│   │   ├── Kbeta.signed.+013+14925.key
│   │   ├── Kbeta.signed.+013+14925.private
│   │   ├── Kbeta.signed.+013+60359.key
│   │   └── Kbeta.signed.+013+60359.private
│   └── named.conf
├── delta
│   ├── zones
│   │   ├── db.delta
│   │   ├── db.delta.signed
│   │   ├── dsset-delta.signed.
│   │   ├── Kdelta.signed.+008+12813.key
│   │   ├── Kdelta.signed.+008+12813.private
│   │   ├── Kdelta.signed.+008+50536.key
│   │   └── Kdelta.signed.+008+50536.private
│   └── named.conf
├── epsilon
│   ├── zones
│   │   └── db.epsilon.unsigned
│   └── named.conf
├── expired
│   ├── zones
│   │   ├── db.expired
│   │   ├── db.expired.signed
│   │   ├── dsset-expired.test.
│   │   ├── Kexpired.test.+013+27911.key
│   │   ├── Kexpired.test.+013+27911.private
│   │   ├── Kexpired.test.+013+53998.key
│   │   └── Kexpired.test.+013+53998.private
│   └── named.conf
├── gamma
│   ├── zones
│   │   └── db.gamma
│   └── named.conf
├── nods
│   ├── zones
│   │   ├── db.nods
│   │   ├── db.nods.signed
│   │   ├── dsset-nods.test.
│   │   ├── Knods.test.+013+37733.key
│   │   ├── Knods.test.+013+37733.private
│   │   ├── Knods.test.+013+62322.key
│   │   └── Knods.test.+013+62322.private
│   └── named.conf
├── recursive1
│   ├── zones
│   │   └── db.root.hints
│   └── named.conf
├── recursive2
│   ├── zones
│   │   └── db.root.hints
│   └── named.conf
├── root
│   ├── zones
│   │   ├── db.root
│   │   ├── db.root.signed
│   │   ├── dsset-.
│   │   ├── K.+013+25473.key
│   │   ├── K.+013+25473.private
│   │   ├── K.+013+43577.key
│   │   └── K.+013+43577.private
│   └── named.conf
├── signed
│   ├── zones
│   │   ├── db.signed
│   │   ├── db.signed.signed
│   │   ├── dsset-signed.
│   │   ├── Ksigned.+013+13706.key
│   │   ├── Ksigned.+013+13706.private
│   │   ├── Ksigned.+013+44918.key
│   │   └── Ksigned.+013+44918.private
│   └── named.conf
├── test
│   ├── zones
│   │   ├── db.test
│   │   ├── db.test.signed
│   │   ├── dsset-test.
│   │   ├── Ktest.+013+57199.key
│   │   ├── Ktest.+013+57199.private
│   │   ├── Ktest.+013+63314.key
│   │   └── Ktest.+013+63314.private
│   └── named.conf
├── unsigned
│   ├── zones
│   │   └── db.unsigned
│   └── named.conf
├── zeta
│   ├── zones
│   │   └── db.zeta.unsigned
│   └── named.conf
├── arbol_dnslab.txt
├── demo_final_20260911_171358.log
├── demo_final.sh
├── docker-compose.yml
├── docker-compose.yml.bak
├── extraer_dns.py
├── registros_act2.csv
├── verificacion_dnssec.csv
├── verificar_dnssec.py
└── walk_nsec.sh

31 directories, 88 files
NAME         STATUS
alpha        Up 2 hours
badalg       Up 22 minutes
beta         Up About an hour
delta        Up 22 minutes
epsilon      Up 2 minutes
expired      Up 22 minutes
gamma        Up 2 hours
nods         Up 22 minutes
recursive1   Up 2 hours
recursive2   Up 20 minutes
root         Up 22 minutes
signed       Up 22 minutes
test         Up 22 minutes
unsigned     Up 2 minutes
zeta         Up 2 minutes

=== Corrida completa. Log guardado en demo_final_20260911_171358.log ===
=== CSV en verificacion_dnssec.csv ===
